// Jest Snapshot v1, https://goo.gl/fbAQLP

exports[`components/channel_settings_modal/ChannelSettingsAccessRulesTab should match snapshot 1`] = `
<div>
  <div
    class="ChannelSettingsModal__accessRulesTab"
  >
    <div
      class="ChannelSettingsModal__accessRulesHeader"
    >
      <h3
        class="ChannelSettingsModal__accessRulesTitle"
      >
        Access Rules
      </h3>
      <p
        class="ChannelSettingsModal__accessRulesSubtitle"
      >
        Select user attributes and values as rules to restrict channel membership
      </p>
    </div>
    <p
      class="ChannelSettingsModal__accessRulesDescription"
    >
      Select attributes and values that users must match in addition to access this channel. All selected attributes are required.
    </p>
    <div
      class="ChannelSettingsModal__autoSyncSection"
    >
      <label
        class="ChannelSettingsModal__autoSyncLabel"
      >
        <input
          class="ChannelSettingsModal__autoSyncCheckbox"
          id="autoSyncMembersCheckbox"
          name="autoSyncMembers"
          type="checkbox"
        />
        <span
          class="ChannelSettingsModal__autoSyncText"
        >
          Auto-add members based on access rules
        </span>
      </label>
      <p
        class="ChannelSettingsModal__autoSyncDescription"
      >
        Users who match the configured attribute values will be automatically added as members
      </p>
    </div>
  </div>
</div>
`;
