// Jest Snapshot v1, https://goo.gl/fbAQLP

exports[`EmojiPickerCategory should match snapshot 1`] = `
<DocumentFragment>
  <a
    aria-label="categoryId"
    class="emoji-picker__category"
    href="#"
  >
    <i
      class="categoryClass"
    />
  </a>
</DocumentFragment>
`;
